// Jest Snapshot v1, https://goo.gl/fbAQLP

exports[`constants.js DEFAULT_OPTIONS should match snapshot 1`] = `
Object {
  "center": Array [
    0,
    0,
  ],
  "layers": Array [],
  "locale": "en-GB",
  "maxZoom": 28,
  "metadata": Object {
    "refreshInterval": "map",
    "tags": Array [],
  },
  "minExtent": Array [
    0,
    0,
  ],
  "minZoom": 0,
  "periodDelay": 2000,
  "projection": "EPSG:4326",
  "sources": Object {},
  "target": "map",
  "texts": Object {
    "Fullscreen Label": "⤢",
    "Fullscreen Label Active": "×",
    "Fullscreen Tip Label": "Fullscreen",
    "Layer Switcher": "Layer Switcher",
    "Legend": "Map legend",
    "Legend Selector": "Legend",
    "Pause": "Pause animation",
    "Play": "Play animation",
    "Zoom In": "Zoom In",
    "Zoom In Label": "+",
    "Zoom Out": "Zoom Out",
    "Zoom Out Label": "-",
  },
  "time": null,
  "timeZone": "Europe/Helsinki",
  "timeZoneLabel": "",
  "timeout": 5000,
  "transition": Object {
    "delay": 1000,
  },
  "zoom": 4,
}
`;
