// Jest Snapshot v1, https://jestjs.io/docs/snapshot-testing

exports[`constants.js DEFAULT_OPTIONS should match snapshot 1`] = `
{
  "center": [
    0,
    0,
  ],
  "layers": [],
  "locale": "en-GB",
  "maxZoom": 28,
  "metadata": {
    "refreshInterval": "map",
    "tags": [],
  },
  "minExtent": [
    0,
    0,
  ],
  "minZoom": 0,
  "periodDelay": 2000,
  "projection": "EPSG:4326",
  "sources": {},
  "target": "map",
  "texts": {
    "Fullscreen Label": "⤢",
    "Fullscreen Label Active": "×",
    "Fullscreen Tip Label": "Toggle fullscreen",
    "Layer Switcher": "Layer switcher",
    "Legend": "Map legend",
    "Legend Selector": "Legend",
    "Pause": "Pause animation",
    "Play": "Play animation",
    "Zoom In": "Zoom in",
    "Zoom In Label": "+",
    "Zoom Out": "Zoom out",
    "Zoom Out Label": "-",
  },
  "time": null,
  "timeZone": "Europe/Helsinki",
  "timeZoneLabel": "",
  "timeout": 5000,
  "transition": {
    "delay": 1000,
  },
  "zoom": 4,
}
`;
